---
http_interactions:
- request:
    method: post
    uri: https://<AK_USERNAME>:<AK_PASSWORD>@act.sumofus.org/rest/v1/petitionpage/
    body:
      encoding: UTF-8
      string: '{"page_id":4699,"name":"aidez-nous-a-reveler-le-cruel-secret-des-poussins-de-mcdonald-s-1-donation","title":"Aidez-nous
        à révéler le cruel secret des poussins de McDonald''s (Donation)","language":"/rest/v1/language/100/","tags":null,"url":"https://actions.sumofus.org/a/aidez-nous-a-reveler-le-cruel-secret-des-poussins-de-mcdonald-s-1","hosted_with":"/rest/v1/hostingplatform/2/","page_type":"donation","multilingual_campaign":null,"hpc_rule":"/rest/v1/donationhpcrule/22/"}'
    headers:
      Content-Type:
      - application/json
      Charset:
      - UTF-8
  response:
    status:
      code: 201
      message: CREATED
    headers:
      Date:
      - Wed, 20 Feb 2019 08:55:14 GMT
      Content-Type:
      - text/html; charset=utf-8
      Transfer-Encoding:
      - chunked
      Connection:
      - keep-alive
      Server:
      - openresty
      Vary:
      - Accept, Cookie, Origin
      Location:
      - https://act.sumofus.org/rest/v1/petitionpage/23597/
    body:
      encoding: UTF-8
      string: ''
    http_version: 
  recorded_at: Wed, 20 Feb 2019 08:55:14 GMT
- request:
    method: post
    uri: https://<AK_USERNAME>:<AK_PASSWORD>@act.sumofus.org/rest/v1/petitionform/
    body:
      encoding: UTF-8
      string: '{"page":"https://act.sumofus.org/rest/v1/petitionpage/23597/","client_hosted":true,"client_url":"https://actions.sumofus.org/a/aidez-nous-a-reveler-le-cruel-secret-des-poussins-de-mcdonald-s-1","ask_text":"Dummy
        ask","thank_you_text":"Dummy thank you","statement_text":"Dummy statement"}'
    headers:
      Content-Type:
      - application/json
      Charset:
      - UTF-8
  response:
    status:
      code: 201
      message: CREATED
    headers:
      Date:
      - Wed, 20 Feb 2019 12:03:22 GMT
      Content-Type:
      - text/html; charset=utf-8
      Transfer-Encoding:
      - chunked
      Connection:
      - keep-alive
      Server:
      - openresty
      Vary:
      - Accept, Cookie, Origin
      Location:
      - https://act.sumofus.org/rest/v1/petitionform/7693/
    body:
      encoding: UTF-8
      string: ''
    http_version: 
  recorded_at: Wed, 20 Feb 2019 12:03:22 GMT
- request:
    method: post
    uri: https://<AK_USERNAME>:<AK_PASSWORD>@act.sumofus.org/rest/v1/pagefollowup/
    body:
      encoding: UTF-8
      string: '{"url":"https://not.used.com","send_confirmation":true,"page":"https://act.sumofus.org/rest/v1/donationpage/23556/","email_wrapper":"https://act.sumofus.org/rest/v1/emailwrapper/25/","email_from_line":"https://act.sumofus.org/rest/v1/fromline/62/","email_subject":"Thanks
        for your donation!","email_body":"\u003cp\u003eHi there {{ user.first_name|capfirst|default:\"friend\"
        }},\u003c/p\u003e\n\u003cp\u003eThank you so much for your donation. I can’t
        tell you how much it means to us here at SumOfUs. By donating, you’re leading
        the charge to stop big corporations from behaving badly. Now more than ever,
        this is work that needs to be done.\u003c/p\u003e\n\u003cp\u003eYour donation
        will help to power our campaigning. We’ve included the receipt below.\u003c/p\u003e\n\u003cp\u003eWe
        do not accept money from corporations or governments. That is why your support
        is so critical. Together we are building a movement that demands that people
        are always put above profit. We stand toe to toe against the world’s most
        powerful corporations to protect our rights and our democracy.\u003c/p\u003e\n\u003cp\u003eThanks
        so much for all that you do,\u003c/p\u003e\n\u003cp\u003eChina and the team
        at SumOfUs\u003c/p\u003e\n\u003cp\u003e\u003c/p\u003e\n\u003chr /\u003e\n\u003cp\u003e\u003cstrong\u003eDonation
        receipt\u003c/strong\u003e\u003c/p\u003e\n\u003cp\u003e{% if order.card_num_last_four
        = \"DDEB\" %}{% if order.currency = \"GBP\" %}\u003cimg src=\"https://s3.amazonaws.com/s3.sumofus.org/images/bacslogo.jpg\"
        alt=\"\" /\u003e\u003c/p\u003e\n\u003cp\u003e\u003cstrong\u003eImportant:
        Confirmation of the set up of your Direct Debit to SumOfUs\u003c/strong\u003e\u003c/p\u003e\n\u003cp\u003eThanks
        so much for donating to SumOfUs to support our work!\u003c/p\u003e\n\u003cp\u003e{%
        if orderrecurring %}Your recurring donation of {{ order.amt }} monthly will
        be charged via Direct Debit on or soon after {% right_now %}{% if now|date:\"d\"
        \u003c \"20\" %}{{now|date_add:\"day=20\"|date:\"F j, Y\"}}{% else %}{{now|date_add:\"months=1
        day=20\"|date:\"F j, Y\"}}{% endif %}, and on or soon after the 20th day of
        each following month.{% if action.custom_fields.account_number_ending %}{%
        if action.custom_fields.bank_name %} Donations will be debited from your bank
        account ******{{ action.custom_fields.account_number_ending }} ({{ action.custom_fields.bank_name
        }}), and appear on your statement as SumOfUs{% if action.custom_fields.mandate_reference
        %}, ref: {{ action.custom_fields.mandate_reference }}.{% endif %}{% endif
        %}{% endif %}{% else %}A single donation of {{ order.amt }} will be charged
        via Direct Debit on or soon after {% right_now %}{% if now|date:\"d\" \u003c
        \"20\" %}{{now|date_add:\"day=20\"|date:\"F j, Y\"}}{% else %}{{now|date_add:\"months=1
        day=20\"|date:\"F j, Y\"}}{% endif %}.{% if action.custom_fields.account_number_ending
        %}{% if action.custom_fields.bank_name %} Your donation will be debited from
        your bank account ******{{ action.custom_fields.account_number_ending }} ({{
        action.custom_fields.bank_name }}), and appear on your statement as SumOfUs{%
        if action.custom_fields.mandate_reference %}, ref: {{ action.custom_fields.mandate_reference
        }}.{% endif %}{% endif %}{% endif %}{% endif %}\u003c/p\u003e\n\u003cp\u003e{%
        elif order.currency = \"EUR\" %}Thanks so much for donating to SumOfUs to
        support our work!\u003c/p\u003e\n\u003cp\u003e{% if orderrecurring %}Your
        recurring donation of {{ order.amt }} monthly will first be charged via Direct
        Debit on or shortly after {% right_now %}{{ now|date_add:\"days=3\"|date:\"F
        j, Y\" }}, and subsequent donations of {{ order.amt }} will be charged on
        or shortly after the {{ now|date_add:\"days=3\"|date:\"jS\" }} of each month.{%
        if action.custom_fields.account_number_ending %}{% if action.custom_fields.bank_name
        %} Donations will be debited from your bank account ******{{ action.custom_fields.account_number_ending
        }} ({{ action.custom_fields.bank_name }}), and appear on your statement as
        SumOfUs, {% if action.custom_fields.mandate_reference %}ref: {{ action.custom_fields.mandate_reference
        }}, {% endif %}creditor identifier: GB62ZZZSDDBARC0000007495895091.{% endif
        %}{% endif %}{% else %}Your donation of {{ order.amt }} will be charged via
        Direct Debit on or shortly after {% right_now %}{{ now|date_add:\"days=3\"|date:\"F
        j, Y\" }}.{% if action.custom_fields.account_number_ending %}{% if action.custom_fields.bank_name
        %} Your donation will be debited from your bank account ******{{ action.custom_fields.account_number_ending
        }} ({{ action.custom_fields.bank_name }}), and appear on your statement as
        SumOfUs, {% if action.custom_fields.mandate_reference %}ref: {{ action.custom_fields.mandate_reference
        }}, {% endif %}creditor identifier: GB62ZZZSDDBARC0000007495895091.{% endif
        %}{% endif %}{% endif %}{% endif %}\u003c/p\u003e\n\u003cp\u003e{% elif order.card_num_last_four
        = \"PYPL\" %}{% if orderrecurring %}Thanks so much for setting up a recurring
        donation with SumOfUs to support our work! Your donation of {{ order.amt }}
        begins on {{ order.created_at|date:\"F j, Y\" }} and will be charged each
        month via PayPal. {% else %}Thanks so much for your donation to SumOfUs of
        {{ order.amt }} on {{ order.created_at|date:\"F j, Y\" }} via PayPal!\u003cbr
        /\u003e\u003cbr /\u003e{% endif %}{% else %}{% if orderrecurring %} Thanks
        so much for setting up a recurring donation with SumOfUs to support our work!
        Your donation of {{ order.amt }} begins on {{ order.created_at|date:\"F j,
        Y\" }}, and your credit card ending in {{ order.card_num_last_four }} will
        be charged each month for {{ order.amt }}. If you ever want to modify or cancel
        your recurring donation, you can contact us at donations@sumofus.org. {% else
        %} Thank you for your donation to SumOfUs of {{ order.amt }} on {{ order.created_at|date:\"F
        j, Y\" }} by your credit card ending in {{ order.card_num_last_four }}!{%
        endif %}{% endif %}\u003c/p\u003e\n\u003cp\u003ePS - SumOfUs is a registered
        501(c)4 non-profit incorporated in Washington, DC, United States. Donations
        to SumOfUs are not tax deductible. For further information or if you have
        any questions about this donation, please reach out at donations@sumofus.org{%
        if order.card_num_last_four = \"DDEB\" %} or on +1 347-703-5003{% endif %}.\u003c/p\u003e\n\u003cp\u003e{%
        if order.card_num_last_four = \"DDEB\" %}{% if order.currency = \"GBP\" %}\u003ca
        href=\"https://gocardless.com/direct-debit/guarantee\" target=\"_blank\"\u003eView
        the Direct Debit Guarantee\u003c/a\u003e.{% endif %}{% endif %}\u003c/p\u003e\n"}'
    headers:
      Content-Type:
      - application/json
      Charset:
      - UTF-8
  response:
    status:
      code: 201
      message: CREATED
    headers:
      Date:
      - Wed, 20 Feb 2019 14:16:20 GMT
      Content-Type:
      - text/html; charset=utf-8
      Transfer-Encoding:
      - chunked
      Connection:
      - keep-alive
      Server:
      - openresty
      Vary:
      - Accept, Cookie, Origin
      Location:
      - https://act.sumofus.org/rest/v1/pagefollowup/7123/
    body:
      encoding: UTF-8
      string: ''
    http_version: 
  recorded_at: Wed, 20 Feb 2019 14:16:20 GMT
recorded_with: VCR 3.0.1
